[dotenv@17.2.4] injecting env (12) from .env -- tip: ≡ƒöä add secrets lifecycle management: https://dotenvx.com/ops
Connected to DB
[TEST] Fetching reports for course: 'Python'
[TEST] Course found: 6991f01dd2b34fbefccc59a2
[TEST] Batches found: 1
[TEST] Batch Batch A has 1 students
[TEST] Enrolled students list: [{"username":"raj2","picture":null}]
[TEST] Existing reports found: 0
[TEST] Merged Results: [ { username: 'raj2', hasReport: false } ]
